******************************************************************************
             TMS320C2000 Linker PC v6.2.0                      
******************************************************************************
>> Linked Tue Dec 06 23:41:21 2022

OUTPUT FILE NAME:   <Example_2806xAdcSoc.out>
ENTRY POINT SYMBOL: "code_start"  address: 003f7ff6


MEMORY CONFIGURATION

         name            origin    length      used     unused   attr    fill
----------------------  --------  ---------  --------  --------  ----  --------
PAGE 0:
  RAML0                 00008000   00000800  0000001f  000007e1  RWIX
  RAML1                 00008800   00000400  00000000  00000400  RWIX
  OTP                   003d7800   00000400  00000000  00000400  RWIX
  FLASHH                003d8000   00004000  00000000  00004000  RWIX
  FLASHG                003dc000   00004000  00000000  00004000  RWIX
  FLASHF                003e0000   00004000  00000000  00004000  RWIX
  FLASHE                003e4000   00004000  00000000  00004000  RWIX
  FLASHD                003e8000   00004000  0000001f  00003fe1  RWIX
  FLASHC                003ec000   00004000  00000000  00004000  RWIX
  FLASHA                003f4000   00003f80  00000f69  00003017  RWIX
  CSM_RSVD              003f7f80   00000076  00000000  00000076  RWIX
  BEGIN                 003f7ff6   00000002  00000002  00000000  RWIX
  CSM_PWL_P0            003f7ff8   00000008  00000000  00000008  RWIX
  FPUTABLES             003fd860   000006a0  00000000  000006a0  RWIX
  IQTABLES              003fdf00   00000b50  00000000  00000b50  RWIX
  IQTABLES2             003fea50   0000008c  00000000  0000008c  RWIX
  IQTABLES3             003feadc   000000aa  00000000  000000aa  RWIX
  ROM                   003ff3b0   00000c10  00000000  00000c10  RWIX
  RESET                 003fffc0   00000002  00000000  00000002  RWIX
  VECTORS               003fffc2   0000003e  00000000  0000003e  RWIX

PAGE 1:
  BOOT_RSVD             00000000   00000050  00000000  00000050  RWIX
  RAMM0                 00000050   000003b0  00000200  000001b0  RWIX
  RAMM1                 00000400   00000400  00000000  00000400  RWIX
  DEV_EMU               00000880   00000105  00000004  00000101  RWIX
  SYS_PWR_CTL           00000985   00000003  00000003  00000000  RWIX
  FLASH_REGS            00000a80   00000060  00000008  00000058  RWIX
  CSM                   00000ae0   00000020  00000010  00000010  RWIX
  ADC_RESULT            00000b00   00000020  00000010  00000010  RWIX
  CPU_TIMER0            00000c00   00000008  00000008  00000000  RWIX
  CPU_TIMER1            00000c08   00000008  00000008  00000000  RWIX
  CPU_TIMER2            00000c10   00000008  00000008  00000000  RWIX
  PIE_CTRL              00000ce0   00000020  0000001a  00000006  RWIX
  PIE_VECT              00000d00   00000100  00000100  00000000  RWIX
  DMA                   00001000   00000200  000000e0  00000120  RWIX
  CLA1                  00001400   00000080  00000040  00000040  RWIX
  USB0                  00004000   00001000  00000454  00000bac  RWIX
  McBSPA                00005000   00000040  00000024  0000001c  RWIX
  ECANA                 00006000   00000040  00000034  0000000c  RWIX
  ECANA_LAM             00006040   00000040  00000040  00000000  RWIX
  ECANA_MOTS            00006080   00000040  00000040  00000000  RWIX
  ECANA_MOTO            000060c0   00000040  00000040  00000000  RWIX
  ECANA_MBOX            00006100   00000100  00000100  00000000  RWIX
  COMP1                 00006400   00000020  00000014  0000000c  RWIX
  COMP2                 00006420   00000020  00000014  0000000c  RWIX
  COMP3                 00006440   00000020  00000014  0000000c  RWIX
  EPWM1                 00006800   00000040  00000040  00000000  RWIX
  EPWM2                 00006840   00000040  00000040  00000000  RWIX
  EPWM3                 00006880   00000040  00000040  00000000  RWIX
  EPWM4                 000068c0   00000040  00000040  00000000  RWIX
  EPWM5                 00006900   00000040  00000040  00000000  RWIX
  EPWM6                 00006940   00000040  00000040  00000000  RWIX
  EPWM7                 00006980   00000040  00000040  00000000  RWIX
  EPWM8                 000069c0   00000040  00000040  00000000  RWIX
  ECAP1                 00006a00   00000020  00000020  00000000  RWIX
  ECAP2                 00006a20   00000020  00000020  00000000  RWIX
  ECAP3                 00006a40   00000020  00000020  00000000  RWIX
  HRCAP1                00006ac0   00000020  0000001f  00000001  RWIX
  HRCAP2                00006ae0   00000020  0000001f  00000001  RWIX
  EQEP1                 00006b00   00000040  00000022  0000001e  RWIX
  EQEP2                 00006b40   00000040  00000022  0000001e  RWIX
  HRCAP3                00006c80   00000020  0000001f  00000001  RWIX
  HRCAP4                00006ca0   00000020  0000001f  00000001  RWIX
  GPIOCTRL              00006f80   00000040  00000040  00000000  RWIX
  GPIODAT               00006fc0   00000020  00000020  00000000  RWIX
  GPIOINT               00006fe0   00000020  00000020  00000000  RWIX
  SYSTEM                00007010   00000030  00000030  00000000  RWIX
  SPIA                  00007040   00000010  00000010  00000000  RWIX
  SCIA                  00007050   00000010  00000010  00000000  RWIX
  NMIINTRUPT            00007060   00000010  00000010  00000000  RWIX
  XINTRUPT              00007070   00000010  00000010  00000000  RWIX
  ADC                   00007100   00000080  00000050  00000030  RWIX
  SPIB                  00007740   00000010  00000010  00000000  RWIX
  SCIB                  00007750   00000010  00000010  00000000  RWIX
  I2CA                  00007900   00000040  00000022  0000001e  RWIX
  RAML2                 00008c00   00000400  00000064  0000039c  RWIX
  RAML3                 00009000   00001000  00000000  00001000  RWIX
  RAML4                 0000a000   00002000  00000000  00002000  RWIX
  RAML5                 0000c000   00002000  00000000  00002000  RWIX
  RAML6                 0000e000   00002000  00000000  00002000  RWIX
  RAML7                 00010000   00002000  00000000  00002000  RWIX
  RAML8                 00012000   00002000  00000000  00002000  RWIX
  USB_RAM               00040000   00000800  00000000  00000800  RWIX
  PARTID                003d7e80   00000001  00000001  00000000  RWIX
  FLASHB                003f0000   00004000  00000000  00004000  RWIX
  CSM_PWL               003f7ff8   00000008  00000008  00000000  RWIX


SECTION ALLOCATION MAP

 output                                  attributes/
section   page    origin      length       input sections
--------  ----  ----------  ----------   ----------------
.pinit     0    003f4000    00000000     UNINITIALIZED

ramfuncs   0    003e8000    0000001f     RUN ADDR = 00008000
                  003e8000    0000001b     F2806x_SysCtrl.obj (ramfuncs)
                  003e801b    00000004     F2806x_usDelay.obj (ramfuncs)

.text      0    003f4000    00000e11     
                  003f4000    00000399     F2806x_DefaultIsr.obj (.text:retain)
                  003f4399    00000228     F2806x_Adc.obj (.text)
                  003f45c1    0000017f     F2806x_SysCtrl.obj (.text)
                  003f4740    00000119     main.obj (.text:retain)
                  003f4859    000000f8     F2806x_EPwm.obj (.text)
                  003f4951    000000a2     F2806x_EQep.obj (.text)
                  003f49f3    0000009c     rts2800_fpu32.lib : fd_add.obj (.text)
                  003f4a8f    00000091     main.obj (.text)
                  003f4b20    0000008b     rts2800_fpu32.lib : fd_div.obj (.text)
                  003f4bab    00000083                       : fd_mpy.obj (.text)
                  003f4c2e    00000076     F2806x_CpuTimers.obj (.text)
                  003f4ca4    00000046     rts2800_fpu32.lib : boot.obj (.text)
                  003f4cea    0000002a                       : fd_cmp.obj (.text)
                  003f4d14    00000028     F2806x_PieCtrl.obj (.text)
                  003f4d3c    00000025     F2806x_PieVect.obj (.text)
                  003f4d61    00000023     rts2800_fpu32.lib : fd_tofs.obj (.text)
                  003f4d84    0000001c                       : fs_tofd.obj (.text)
                  003f4da0    00000019                       : args_main.obj (.text)
                  003f4db9    00000019                       : exit.obj (.text)
                  003f4dd2    00000017                       : u_tofd.obj (.text)
                  003f4de9    0000000e                       : fd_sub.obj (.text)
                  003f4df7    00000009                       : _lock.obj (.text)
                  003f4e00    00000009                       : fd_neg.obj (.text)
                  003f4e09    00000008     F2806x_CodeStartBranch.obj (.text)

.econst    0    003f4e12    0000011c     
                  003f4e12    00000100     F2806x_PieVect.obj (.econst)
                  003f4f12    0000001c     main.obj (.econst)

.cinit     0    003f4f2e    0000003c     
                  003f4f2e    00000026     main.obj (.cinit)
                  003f4f54    0000000a     rts2800_fpu32.lib : _lock.obj (.cinit)
                  003f4f5e    0000000a                       : exit.obj (.cinit)
                  003f4f68    00000002     --HOLE-- [fill = 0]

codestart 
*          0    003f7ff6    00000002     
                  003f7ff6    00000002     F2806x_CodeStartBranch.obj (codestart)

.reset     0    003fffc0    00000002     DSECT
                  003fffc0    00000002     rts2800_fpu32.lib : boot.obj (.reset)

vectors    0    003fffc2    00000000     DSECT

.stack     1    00000050    00000200     UNINITIALIZED
                  00000050    00000200     --HOLE--

DevEmuRegsFile 
*          1    00000880    00000004     UNINITIALIZED
                  00000880    00000004     F2806x_GlobalVariableDefs.obj (DevEmuRegsFile)

SysPwrCtrlRegsFile 
*          1    00000985    00000003     UNINITIALIZED
                  00000985    00000003     F2806x_GlobalVariableDefs.obj (SysPwrCtrlRegsFile)

FlashRegsFile 
*          1    00000a80    00000008     UNINITIALIZED
                  00000a80    00000008     F2806x_GlobalVariableDefs.obj (FlashRegsFile)

CsmRegsFile 
*          1    00000ae0    00000010     UNINITIALIZED
                  00000ae0    00000010     F2806x_GlobalVariableDefs.obj (CsmRegsFile)

AdcResultFile 
*          1    00000b00    00000010     UNINITIALIZED
                  00000b00    00000010     F2806x_GlobalVariableDefs.obj (AdcResultFile)

CpuTimer0RegsFile 
*          1    00000c00    00000008     UNINITIALIZED
                  00000c00    00000008     F2806x_GlobalVariableDefs.obj (CpuTimer0RegsFile)

CpuTimer1RegsFile 
*          1    00000c08    00000008     UNINITIALIZED
                  00000c08    00000008     F2806x_GlobalVariableDefs.obj (CpuTimer1RegsFile)

CpuTimer2RegsFile 
*          1    00000c10    00000008     UNINITIALIZED
                  00000c10    00000008     F2806x_GlobalVariableDefs.obj (CpuTimer2RegsFile)

PieCtrlRegsFile 
*          1    00000ce0    0000001a     UNINITIALIZED
                  00000ce0    0000001a     F2806x_GlobalVariableDefs.obj (PieCtrlRegsFile)

PieVectTableFile 
*          1    00000d00    00000100     UNINITIALIZED
                  00000d00    00000100     F2806x_GlobalVariableDefs.obj (PieVectTableFile)

EmuKeyVar 
*          1    00000d00    00000001     UNINITIALIZED
                  00000d00    00000001     F2806x_GlobalVariableDefs.obj (EmuKeyVar)

EmuBModeVar 
*          1    00000d01    00000001     UNINITIALIZED
                  00000d01    00000001     F2806x_GlobalVariableDefs.obj (EmuBModeVar)

FlashCallbackVar 
*          1    00000d02    00000002     UNINITIALIZED
                  00000d02    00000002     F2806x_GlobalVariableDefs.obj (FlashCallbackVar)

FlashScalingVar 
*          1    00000d04    00000002     UNINITIALIZED
                  00000d04    00000002     F2806x_GlobalVariableDefs.obj (FlashScalingVar)

DmaRegsFile 
*          1    00001000    000000e0     UNINITIALIZED
                  00001000    000000e0     F2806x_GlobalVariableDefs.obj (DmaRegsFile)

Cla1RegsFile 
*          1    00001400    00000040     UNINITIALIZED
                  00001400    00000040     F2806x_GlobalVariableDefs.obj (Cla1RegsFile)

Usb0RegsFile 
*          1    00004000    00000454     UNINITIALIZED
                  00004000    00000454     F2806x_GlobalVariableDefs.obj (Usb0RegsFile)

McbspaRegsFile 
*          1    00005000    00000024     UNINITIALIZED
                  00005000    00000024     F2806x_GlobalVariableDefs.obj (McbspaRegsFile)

ECanaRegsFile 
*          1    00006000    00000034     UNINITIALIZED
                  00006000    00000034     F2806x_GlobalVariableDefs.obj (ECanaRegsFile)

ECanaLAMRegsFile 
*          1    00006040    00000040     UNINITIALIZED
                  00006040    00000040     F2806x_GlobalVariableDefs.obj (ECanaLAMRegsFile)

ECanaMOTSRegsFile 
*          1    00006080    00000040     UNINITIALIZED
                  00006080    00000040     F2806x_GlobalVariableDefs.obj (ECanaMOTSRegsFile)

ECanaMOTORegsFile 
*          1    000060c0    00000040     UNINITIALIZED
                  000060c0    00000040     F2806x_GlobalVariableDefs.obj (ECanaMOTORegsFile)

ECanaMboxesFile 
*          1    00006100    00000100     UNINITIALIZED
                  00006100    00000100     F2806x_GlobalVariableDefs.obj (ECanaMboxesFile)

Comp1RegsFile 
*          1    00006400    00000014     UNINITIALIZED
                  00006400    00000014     F2806x_GlobalVariableDefs.obj (Comp1RegsFile)

Comp2RegsFile 
*          1    00006420    00000014     UNINITIALIZED
                  00006420    00000014     F2806x_GlobalVariableDefs.obj (Comp2RegsFile)

Comp3RegsFile 
*          1    00006440    00000014     UNINITIALIZED
                  00006440    00000014     F2806x_GlobalVariableDefs.obj (Comp3RegsFile)

EPwm1RegsFile 
*          1    00006800    00000040     UNINITIALIZED
                  00006800    00000040     F2806x_GlobalVariableDefs.obj (EPwm1RegsFile)

EPwm2RegsFile 
*          1    00006840    00000040     UNINITIALIZED
                  00006840    00000040     F2806x_GlobalVariableDefs.obj (EPwm2RegsFile)

EPwm3RegsFile 
*          1    00006880    00000040     UNINITIALIZED
                  00006880    00000040     F2806x_GlobalVariableDefs.obj (EPwm3RegsFile)

EPwm4RegsFile 
*          1    000068c0    00000040     UNINITIALIZED
                  000068c0    00000040     F2806x_GlobalVariableDefs.obj (EPwm4RegsFile)

EPwm5RegsFile 
*          1    00006900    00000040     UNINITIALIZED
                  00006900    00000040     F2806x_GlobalVariableDefs.obj (EPwm5RegsFile)

EPwm6RegsFile 
*          1    00006940    00000040     UNINITIALIZED
                  00006940    00000040     F2806x_GlobalVariableDefs.obj (EPwm6RegsFile)

EPwm7RegsFile 
*          1    00006980    00000040     UNINITIALIZED
                  00006980    00000040     F2806x_GlobalVariableDefs.obj (EPwm7RegsFile)

EPwm8RegsFile 
*          1    000069c0    00000040     UNINITIALIZED
                  000069c0    00000040     F2806x_GlobalVariableDefs.obj (EPwm8RegsFile)

ECap1RegsFile 
*          1    00006a00    00000020     UNINITIALIZED
                  00006a00    00000020     F2806x_GlobalVariableDefs.obj (ECap1RegsFile)

ECap2RegsFile 
*          1    00006a20    00000020     UNINITIALIZED
                  00006a20    00000020     F2806x_GlobalVariableDefs.obj (ECap2RegsFile)

ECap3RegsFile 
*          1    00006a40    00000020     UNINITIALIZED
                  00006a40    00000020     F2806x_GlobalVariableDefs.obj (ECap3RegsFile)

HRCap1RegsFile 
*          1    00006ac0    0000001f     UNINITIALIZED
                  00006ac0    0000001f     F2806x_GlobalVariableDefs.obj (HRCap1RegsFile)

HRCap2RegsFile 
*          1    00006ae0    0000001f     UNINITIALIZED
                  00006ae0    0000001f     F2806x_GlobalVariableDefs.obj (HRCap2RegsFile)

EQep1RegsFile 
*          1    00006b00    00000022     UNINITIALIZED
                  00006b00    00000022     F2806x_GlobalVariableDefs.obj (EQep1RegsFile)

EQep2RegsFile 
*          1    00006b40    00000022     UNINITIALIZED
                  00006b40    00000022     F2806x_GlobalVariableDefs.obj (EQep2RegsFile)

HRCap3RegsFile 
*          1    00006c80    0000001f     UNINITIALIZED
                  00006c80    0000001f     F2806x_GlobalVariableDefs.obj (HRCap3RegsFile)

HRCap4RegsFile 
*          1    00006ca0    0000001f     UNINITIALIZED
                  00006ca0    0000001f     F2806x_GlobalVariableDefs.obj (HRCap4RegsFile)

GpioCtrlRegsFile 
*          1    00006f80    00000040     UNINITIALIZED
                  00006f80    00000040     F2806x_GlobalVariableDefs.obj (GpioCtrlRegsFile)

GpioDataRegsFile 
*          1    00006fc0    00000020     UNINITIALIZED
                  00006fc0    00000020     F2806x_GlobalVariableDefs.obj (GpioDataRegsFile)

GpioIntRegsFile 
*          1    00006fe0    00000020     UNINITIALIZED
                  00006fe0    00000020     F2806x_GlobalVariableDefs.obj (GpioIntRegsFile)

SysCtrlRegsFile 
*          1    00007010    00000030     UNINITIALIZED
                  00007010    00000030     F2806x_GlobalVariableDefs.obj (SysCtrlRegsFile)

SpiaRegsFile 
*          1    00007040    00000010     UNINITIALIZED
                  00007040    00000010     F2806x_GlobalVariableDefs.obj (SpiaRegsFile)

SciaRegsFile 
*          1    00007050    00000010     UNINITIALIZED
                  00007050    00000010     F2806x_GlobalVariableDefs.obj (SciaRegsFile)

NmiIntruptRegsFile 
*          1    00007060    00000010     UNINITIALIZED
                  00007060    00000010     F2806x_GlobalVariableDefs.obj (NmiIntruptRegsFile)

XIntruptRegsFile 
*          1    00007070    00000010     UNINITIALIZED
                  00007070    00000010     F2806x_GlobalVariableDefs.obj (XIntruptRegsFile)

AdcRegsFile 
*          1    00007100    00000050     UNINITIALIZED
                  00007100    00000050     F2806x_GlobalVariableDefs.obj (AdcRegsFile)

SpibRegsFile 
*          1    00007740    00000010     UNINITIALIZED
                  00007740    00000010     F2806x_GlobalVariableDefs.obj (SpibRegsFile)

ScibRegsFile 
*          1    00007750    00000010     UNINITIALIZED
                  00007750    00000010     F2806x_GlobalVariableDefs.obj (ScibRegsFile)

I2caRegsFile 
*          1    00007900    00000022     UNINITIALIZED
                  00007900    00000022     F2806x_GlobalVariableDefs.obj (I2caRegsFile)

.ebss      1    00008c00    00000064     UNINITIALIZED
                  00008c00    00000044     main.obj (.ebss)
                  00008c44    00000018     F2806x_CpuTimers.obj (.ebss)
                  00008c5c    00000004     rts2800_fpu32.lib : _lock.obj (.ebss)
                  00008c60    00000004                       : exit.obj (.ebss)

PartIdRegsFile 
*          1    003d7e80    00000001     UNINITIALIZED
                  003d7e80    00000001     F2806x_GlobalVariableDefs.obj (PartIdRegsFile)

CsmPwlFile 
*          1    003f7ff8    00000008     UNINITIALIZED
                  003f7ff8    00000008     F2806x_GlobalVariableDefs.obj (CsmPwlFile)


GLOBAL DATA SYMBOLS: SORTED BY DATA PAGE

address     data page           name
--------    ----------------    ----
00000050       1 (00000040)     __stack

00000880      22 (00000880)     _DevEmuRegs

00000985      26 (00000980)     _SysPwrCtrlRegs

00000a80      2a (00000a80)     _FlashRegs

00000ae0      2b (00000ac0)     _CsmRegs

00000b00      2c (00000b00)     _AdcResult

00000c00      30 (00000c00)     _CpuTimer0Regs
00000c08      30 (00000c00)     _CpuTimer1Regs
00000c10      30 (00000c00)     _CpuTimer2Regs

00000ce0      33 (00000cc0)     _PieCtrlRegs

00000d00      34 (00000d00)     _EmuKey
00000d00      34 (00000d00)     _PieVectTable
00000d01      34 (00000d00)     _EmuBMode
00000d02      34 (00000d00)     _Flash_CallbackPtr
00000d04      34 (00000d00)     _Flash_CPUScaleFactor

00001000      40 (00001000)     _DmaRegs

00001400      50 (00001400)     _Cla1Regs

00004000     100 (00004000)     _Usb0Regs

00005000     140 (00005000)     _McbspaRegs

00006000     180 (00006000)     _ECanaRegs

00006040     181 (00006040)     _ECanaLAMRegs

00006080     182 (00006080)     _ECanaMOTSRegs

000060c0     183 (000060c0)     _ECanaMOTORegs

00006100     184 (00006100)     _ECanaMboxes

00006400     190 (00006400)     _Comp1Regs
00006420     190 (00006400)     _Comp2Regs

00006440     191 (00006440)     _Comp3Regs

00006800     1a0 (00006800)     _EPwm1Regs

00006840     1a1 (00006840)     _EPwm2Regs

00006880     1a2 (00006880)     _EPwm3Regs

000068c0     1a3 (000068c0)     _EPwm4Regs

00006900     1a4 (00006900)     _EPwm5Regs

00006940     1a5 (00006940)     _EPwm6Regs

00006980     1a6 (00006980)     _EPwm7Regs

000069c0     1a7 (000069c0)     _EPwm8Regs

00006a00     1a8 (00006a00)     _ECap1Regs
00006a20     1a8 (00006a00)     _ECap2Regs

00006a40     1a9 (00006a40)     _ECap3Regs

00006ac0     1ab (00006ac0)     _HRCap1Regs
00006ae0     1ab (00006ac0)     _HRCap2Regs

00006b00     1ac (00006b00)     _EQep1Regs

00006b40     1ad (00006b40)     _EQep2Regs

00006c80     1b2 (00006c80)     _HRCap3Regs
00006ca0     1b2 (00006c80)     _HRCap4Regs

00006f80     1be (00006f80)     _GpioCtrlRegs

00006fc0     1bf (00006fc0)     _GpioDataRegs
00006fe0     1bf (00006fc0)     _GpioIntRegs

00007010     1c0 (00007000)     _SysCtrlRegs

00007040     1c1 (00007040)     _SpiaRegs
00007050     1c1 (00007040)     _SciaRegs
00007060     1c1 (00007040)     _NmiIntruptRegs
00007070     1c1 (00007040)     _XIntruptRegs

00007100     1c4 (00007100)     _AdcRegs

00007740     1dd (00007740)     _SpibRegs
00007750     1dd (00007740)     _ScibRegs

00007900     1e4 (00007900)     _I2caRegs

00008c00     230 (00008c00)     _Loop_Count
00008c02     230 (00008c00)     _Interrupt_Count
00008c04     230 (00008c00)     _theta_deg
00008c08     230 (00008c00)     _theta_error
00008c0c     230 (00008c00)     _theta_rad
00008c10     230 (00008c00)     _master_position
00008c14     230 (00008c00)     _slave_position
00008c18     230 (00008c00)     _theta_ref_sat
00008c1c     230 (00008c00)     _position_error
00008c20     230 (00008c00)     _theta_ref_2
00008c24     230 (00008c00)     _theta_ref
00008c28     230 (00008c00)     _theta_ref_1
00008c2c     230 (00008c00)     _position_error_2
00008c30     230 (00008c00)     _position_error_1
00008c34     230 (00008c00)     _adc_master
00008c38     230 (00008c00)     _encoder
00008c3c     230 (00008c00)     _adc_slave

00008c40     231 (00008c40)     _motor_volts
00008c44     231 (00008c40)     _CpuTimer1
00008c4c     231 (00008c40)     _CpuTimer2
00008c54     231 (00008c40)     _CpuTimer0
00008c5c     231 (00008c40)     __unlock
00008c5e     231 (00008c40)     __lock
00008c60     231 (00008c40)     ___TI_cleanup_ptr
00008c62     231 (00008c40)     ___TI_dtors_ptr

003d7e80    f5fa (003d7e80)     _PartIdRegs

003f4e12    fd38 (003f4e00)     _PieVectTableInit

003f7ff8    fdff (003f7fc0)     _CsmPwl


GLOBAL SYMBOLS: SORTED ALPHABETICALLY BY Name 

address    name
--------   ----
003f4000   .text
003f4db9   C$$EXIT
003f49f3   FD$$ADD
003f4cea   FD$$CMP
003f4b20   FD$$DIV
003f4bab   FD$$MPY
003f4e00   FD$$NEG
003f4de9   FD$$SUB
003f4d61   FD$$TOFS
003f4d84   FS$$TOFD
003f4dd2   U$$TOFD
003f40be   _ADCINT1_ISR
003f40c7   _ADCINT2_ISR
003f42ce   _ADCINT3_ISR
003f42d8   _ADCINT4_ISR
003f42e2   _ADCINT5_ISR
003f42ec   _ADCINT6_ISR
003f42f6   _ADCINT7_ISR
003f4300   _ADCINT8_ISR
003f40e4   _ADCINT9_ISR
003f442b   _AdcChanSelect
003f44a0   _AdcConversion
003f4404   _AdcOffsetSelfCal
00007100   _AdcRegs
00000b00   _AdcResult
003f430a   _CLA1_INT1_ISR
003f4314   _CLA1_INT2_ISR
003f431e   _CLA1_INT3_ISR
003f4328   _CLA1_INT4_ISR
003f4332   _CLA1_INT5_ISR
003f433c   _CLA1_INT6_ISR
003f4346   _CLA1_INT7_ISR
003f4350   _CLA1_INT8_ISR
00001400   _Cla1Regs
00006400   _Comp1Regs
00006420   _Comp2Regs
00006440   _Comp3Regs
003f4c69   _ConfigCpuTimer
00008c54   _CpuTimer0
00000c00   _CpuTimer0Regs
00008c44   _CpuTimer1
00000c08   _CpuTimer1Regs
00008c4c   _CpuTimer2
00000c10   _CpuTimer2Regs
003f7ff8   _CsmPwl
00000ae0   _CsmRegs
003f46c1   _CsmUnlock
003f4014   _DATALOG_ISR
003f4242   _DINTCH1_ISR
003f424c   _DINTCH2_ISR
003f4256   _DINTCH3_ISR
003f4260   _DINTCH4_ISR
003f426a   _DINTCH5_ISR
003f4274   _DINTCH6_ISR
0000801b   _DSP28x_usDelay
00000880   _DevEmuRegs
003f45e5   _DisableDog
00001000   _DmaRegs
003f42ba   _ECAN0INTA_ISR
003f42c4   _ECAN1INTA_ISR
003f41a2   _ECAP1_INT_ISR
003f41ac   _ECAP2_INT_ISR
003f41b6   _ECAP3_INT_ISR
00006040   _ECanaLAMRegs
000060c0   _ECanaMOTORegs
00006080   _ECanaMOTSRegs
00006100   _ECanaMboxes
00006000   _ECanaRegs
00006a00   _ECap1Regs
00006a20   _ECap2Regs
00006a40   _ECap3Regs
003f4378   _EMPTY_ISR
003f4028   _EMUINT_ISR
003f4152   _EPWM1_INT_ISR
003f4102   _EPWM1_TZINT_ISR
003f415c   _EPWM2_INT_ISR
003f410c   _EPWM2_TZINT_ISR
003f4166   _EPWM3_INT_ISR
003f4116   _EPWM3_TZINT_ISR
003f4170   _EPWM4_INT_ISR
003f4120   _EPWM4_TZINT_ISR
003f417a   _EPWM5_INT_ISR
003f412a   _EPWM5_TZINT_ISR
003f4184   _EPWM6_INT_ISR
003f4134   _EPWM6_TZINT_ISR
003f418e   _EPWM7_INT_ISR
003f413e   _EPWM7_TZINT_ISR
003f4198   _EPWM8_INT_ISR
003f4148   _EPWM8_TZINT_ISR
00006800   _EPwm1Regs
00006840   _EPwm2Regs
00006880   _EPwm3Regs
000068c0   _EPwm4Regs
00006900   _EPwm5Regs
00006940   _EPwm6Regs
00006980   _EPwm7Regs
000069c0   _EPwm8Regs
003f41d4   _EQEP1_INT_ISR
003f41de   _EQEP2_INT_ISR
00006b00   _EQep1Regs
00006b40   _EQep2Regs
00000d01   _EmuBMode
00000d00   _EmuKey
003f4d33   _EnableInterrupts
003f472a   _ExtOscSel
00000a80   _FlashRegs
00000d04   _Flash_CPUScaleFactor
00000d02   _Flash_CallbackPtr
00006f80   _GpioCtrlRegs
00006fc0   _GpioDataRegs
00006fe0   _GpioIntRegs
003f41c0   _HRCAP1_INT_ISR
003f41ca   _HRCAP2_INT_ISR
003f41e8   _HRCAP3_INT_ISR
003f41f2   _HRCAP4_INT_ISR
00006ac0   _HRCap1Regs
00006ae0   _HRCap2Regs
00006c80   _HRCap3Regs
00006ca0   _HRCap4Regs
003f427e   _I2CINT1A_ISR
003f4288   _I2CINT2A_ISR
00007900   _I2caRegs
003f403c   _ILLEGAL_ISR
003f4000   _INT13_ISR
003f400a   _INT14_ISR
003f4399   _InitAdc
003f43e2   _InitAdcAio
003f4c2e   _InitCpuTimers
003f488b   _InitEPwm1Gpio
003f489d   _InitEPwm2Gpio
003f48af   _InitEPwm3Gpio
003f48c3   _InitEPwm4Gpio
003f48d7   _InitEPwm5Gpio
003f48e9   _InitEPwm6Gpio
003f48fb   _InitEPwm7Gpio
003f490d   _InitEPwm8Gpio
003f487a   _InitEPwmGpio
003f491f   _InitEPwmSyncGpio
003f4951   _InitEQep
003f49a3   _InitEQep1Gpio
003f49cd   _InitEQep2Gpio
003f499e   _InitEQepGpio
00008000   _InitFlash
003f466b   _InitPeripheralClocks
003f4d14   _InitPieCtrl
003f4d3c   _InitPieVectTable
003f45ed   _InitPll
003f463d   _InitPll2
003f45c1   _InitSysCtrl
003f4930   _InitTzGpio
003f46f2   _IntOsc1Sel
003f4702   _IntOsc2Sel
00008c02   _Interrupt_Count
003f436e   _LUF_ISR
003f4364   _LVF_ISR
00008c00   _Loop_Count
003f422e   _MRINTA_ISR
003f4238   _MXINTA_ISR
00005000   _McbspaRegs
003f4032   _NMI_ISR
00007060   _NmiIntruptRegs
003f4385   _PIE_RESERVED
003d7e80   _PartIdRegs
00000ce0   _PieCtrlRegs
00000d00   _PieVectTable
003f4e12   _PieVectTableInit
003f401e   _RTOSINT_ISR
003e801f   _RamfuncsLoadEnd
003e8000   _RamfuncsLoadStart
00008000   _RamfuncsRunStart
003f4292   _SCIRXINTA_ISR
003f42a6   _SCIRXINTB_ISR
003f429c   _SCITXINTA_ISR
003f42b0   _SCITXINTB_ISR
003f4206   _SPIRXINTA_ISR
003f421a   _SPIRXINTB_ISR
003f4210   _SPITXINTA_ISR
003f4224   _SPITXINTB_ISR
00007050   _SciaRegs
00007750   _ScibRegs
003f45db   _ServiceDog
00007040   _SpiaRegs
00007740   _SpibRegs
00007010   _SysCtrlRegs
00000985   _SysPwrCtrlRegs
003f40ee   _TINT0_ISR
003f41fc   _USB0_INT_ISR
003f40a0   _USER10_ISR
003f40aa   _USER11_ISR
003f40b4   _USER12_ISR
003f4046   _USER1_ISR
003f4050   _USER2_ISR
003f405a   _USER3_ISR
003f4064   _USER4_ISR
003f406e   _USER5_ISR
003f4078   _USER6_ISR
003f4082   _USER7_ISR
003f408c   _USER8_ISR
003f4096   _USER9_ISR
00004000   _Usb0Regs
003f40f8   _WAKEINT_ISR
003f40d0   _XINT1_ISR
003f40da   _XINT2_ISR
003f435a   _XINT3_ISR
00007070   _XIntruptRegs
003f4716   _XtalOscSel
00000250   __STACK_END
00000200   __STACK_SIZE
00000001   __TI_args_main
00008c60   ___TI_cleanup_ptr
00008c62   ___TI_dtors_ptr
ffffffff   ___binit__
ffffffff   ___c_args__
003f4f2e   ___cinit__
003f4e11   ___etext__
ffffffff   ___pinit__
003f4000   ___text__
003f4da0   __args_main
00008c5e   __lock
003f4dff   __nop
003f4dfb   __register_lock
003f4df7   __register_unlock
00000050   __stack
00008c5c   __unlock
003f4db9   _abort
00008c34   _adc_master
00008c3c   _adc_slave
003f4ca4   _c_int00
003f4740   _cpu_timer0_isr
00008c38   _encoder
003f4dbb   _exit
003f4859   _initEpwm
003f4a8f   _main
00008c10   _master_position
00008c40   _motor_volts
00008c1c   _position_error
00008c30   _position_error_1
00008c2c   _position_error_2
003f438f   _rsvd_ISR
00008c14   _slave_position
00008c04   _theta_deg
00008c08   _theta_error
00008c0c   _theta_rad
00008c24   _theta_ref
00008c28   _theta_ref_1
00008c20   _theta_ref_2
00008c18   _theta_ref_sat
003f4ae2   _volt2PWM
ffffffff   binit
003f4f2e   cinit
003f7ff6   code_start
003f4e11   etext
ffffffff   pinit


GLOBAL SYMBOLS: SORTED BY Symbol Address 

address    name
--------   ----
00000001   __TI_args_main
00000050   __stack
00000200   __STACK_SIZE
00000250   __STACK_END
00000880   _DevEmuRegs
00000985   _SysPwrCtrlRegs
00000a80   _FlashRegs
00000ae0   _CsmRegs
00000b00   _AdcResult
00000c00   _CpuTimer0Regs
00000c08   _CpuTimer1Regs
00000c10   _CpuTimer2Regs
00000ce0   _PieCtrlRegs
00000d00   _EmuKey
00000d00   _PieVectTable
00000d01   _EmuBMode
00000d02   _Flash_CallbackPtr
00000d04   _Flash_CPUScaleFactor
00001000   _DmaRegs
00001400   _Cla1Regs
00004000   _Usb0Regs
00005000   _McbspaRegs
00006000   _ECanaRegs
00006040   _ECanaLAMRegs
00006080   _ECanaMOTSRegs
000060c0   _ECanaMOTORegs
00006100   _ECanaMboxes
00006400   _Comp1Regs
00006420   _Comp2Regs
00006440   _Comp3Regs
00006800   _EPwm1Regs
00006840   _EPwm2Regs
00006880   _EPwm3Regs
000068c0   _EPwm4Regs
00006900   _EPwm5Regs
00006940   _EPwm6Regs
00006980   _EPwm7Regs
000069c0   _EPwm8Regs
00006a00   _ECap1Regs
00006a20   _ECap2Regs
00006a40   _ECap3Regs
00006ac0   _HRCap1Regs
00006ae0   _HRCap2Regs
00006b00   _EQep1Regs
00006b40   _EQep2Regs
00006c80   _HRCap3Regs
00006ca0   _HRCap4Regs
00006f80   _GpioCtrlRegs
00006fc0   _GpioDataRegs
00006fe0   _GpioIntRegs
00007010   _SysCtrlRegs
00007040   _SpiaRegs
00007050   _SciaRegs
00007060   _NmiIntruptRegs
00007070   _XIntruptRegs
00007100   _AdcRegs
00007740   _SpibRegs
00007750   _ScibRegs
00007900   _I2caRegs
00008000   _InitFlash
00008000   _RamfuncsRunStart
0000801b   _DSP28x_usDelay
00008c00   _Loop_Count
00008c02   _Interrupt_Count
00008c04   _theta_deg
00008c08   _theta_error
00008c0c   _theta_rad
00008c10   _master_position
00008c14   _slave_position
00008c18   _theta_ref_sat
00008c1c   _position_error
00008c20   _theta_ref_2
00008c24   _theta_ref
00008c28   _theta_ref_1
00008c2c   _position_error_2
00008c30   _position_error_1
00008c34   _adc_master
00008c38   _encoder
00008c3c   _adc_slave
00008c40   _motor_volts
00008c44   _CpuTimer1
00008c4c   _CpuTimer2
00008c54   _CpuTimer0
00008c5c   __unlock
00008c5e   __lock
00008c60   ___TI_cleanup_ptr
00008c62   ___TI_dtors_ptr
003d7e80   _PartIdRegs
003e8000   _RamfuncsLoadStart
003e801f   _RamfuncsLoadEnd
003f4000   .text
003f4000   _INT13_ISR
003f4000   ___text__
003f400a   _INT14_ISR
003f4014   _DATALOG_ISR
003f401e   _RTOSINT_ISR
003f4028   _EMUINT_ISR
003f4032   _NMI_ISR
003f403c   _ILLEGAL_ISR
003f4046   _USER1_ISR
003f4050   _USER2_ISR
003f405a   _USER3_ISR
003f4064   _USER4_ISR
003f406e   _USER5_ISR
003f4078   _USER6_ISR
003f4082   _USER7_ISR
003f408c   _USER8_ISR
003f4096   _USER9_ISR
003f40a0   _USER10_ISR
003f40aa   _USER11_ISR
003f40b4   _USER12_ISR
003f40be   _ADCINT1_ISR
003f40c7   _ADCINT2_ISR
003f40d0   _XINT1_ISR
003f40da   _XINT2_ISR
003f40e4   _ADCINT9_ISR
003f40ee   _TINT0_ISR
003f40f8   _WAKEINT_ISR
003f4102   _EPWM1_TZINT_ISR
003f410c   _EPWM2_TZINT_ISR
003f4116   _EPWM3_TZINT_ISR
003f4120   _EPWM4_TZINT_ISR
003f412a   _EPWM5_TZINT_ISR
003f4134   _EPWM6_TZINT_ISR
003f413e   _EPWM7_TZINT_ISR
003f4148   _EPWM8_TZINT_ISR
003f4152   _EPWM1_INT_ISR
003f415c   _EPWM2_INT_ISR
003f4166   _EPWM3_INT_ISR
003f4170   _EPWM4_INT_ISR
003f417a   _EPWM5_INT_ISR
003f4184   _EPWM6_INT_ISR
003f418e   _EPWM7_INT_ISR
003f4198   _EPWM8_INT_ISR
003f41a2   _ECAP1_INT_ISR
003f41ac   _ECAP2_INT_ISR
003f41b6   _ECAP3_INT_ISR
003f41c0   _HRCAP1_INT_ISR
003f41ca   _HRCAP2_INT_ISR
003f41d4   _EQEP1_INT_ISR
003f41de   _EQEP2_INT_ISR
003f41e8   _HRCAP3_INT_ISR
003f41f2   _HRCAP4_INT_ISR
003f41fc   _USB0_INT_ISR
003f4206   _SPIRXINTA_ISR
003f4210   _SPITXINTA_ISR
003f421a   _SPIRXINTB_ISR
003f4224   _SPITXINTB_ISR
003f422e   _MRINTA_ISR
003f4238   _MXINTA_ISR
003f4242   _DINTCH1_ISR
003f424c   _DINTCH2_ISR
003f4256   _DINTCH3_ISR
003f4260   _DINTCH4_ISR
003f426a   _DINTCH5_ISR
003f4274   _DINTCH6_ISR
003f427e   _I2CINT1A_ISR
003f4288   _I2CINT2A_ISR
003f4292   _SCIRXINTA_ISR
003f429c   _SCITXINTA_ISR
003f42a6   _SCIRXINTB_ISR
003f42b0   _SCITXINTB_ISR
003f42ba   _ECAN0INTA_ISR
003f42c4   _ECAN1INTA_ISR
003f42ce   _ADCINT3_ISR
003f42d8   _ADCINT4_ISR
003f42e2   _ADCINT5_ISR
003f42ec   _ADCINT6_ISR
003f42f6   _ADCINT7_ISR
003f4300   _ADCINT8_ISR
003f430a   _CLA1_INT1_ISR
003f4314   _CLA1_INT2_ISR
003f431e   _CLA1_INT3_ISR
003f4328   _CLA1_INT4_ISR
003f4332   _CLA1_INT5_ISR
003f433c   _CLA1_INT6_ISR
003f4346   _CLA1_INT7_ISR
003f4350   _CLA1_INT8_ISR
003f435a   _XINT3_ISR
003f4364   _LVF_ISR
003f436e   _LUF_ISR
003f4378   _EMPTY_ISR
003f4385   _PIE_RESERVED
003f438f   _rsvd_ISR
003f4399   _InitAdc
003f43e2   _InitAdcAio
003f4404   _AdcOffsetSelfCal
003f442b   _AdcChanSelect
003f44a0   _AdcConversion
003f45c1   _InitSysCtrl
003f45db   _ServiceDog
003f45e5   _DisableDog
003f45ed   _InitPll
003f463d   _InitPll2
003f466b   _InitPeripheralClocks
003f46c1   _CsmUnlock
003f46f2   _IntOsc1Sel
003f4702   _IntOsc2Sel
003f4716   _XtalOscSel
003f472a   _ExtOscSel
003f4740   _cpu_timer0_isr
003f4859   _initEpwm
003f487a   _InitEPwmGpio
003f488b   _InitEPwm1Gpio
003f489d   _InitEPwm2Gpio
003f48af   _InitEPwm3Gpio
003f48c3   _InitEPwm4Gpio
003f48d7   _InitEPwm5Gpio
003f48e9   _InitEPwm6Gpio
003f48fb   _InitEPwm7Gpio
003f490d   _InitEPwm8Gpio
003f491f   _InitEPwmSyncGpio
003f4930   _InitTzGpio
003f4951   _InitEQep
003f499e   _InitEQepGpio
003f49a3   _InitEQep1Gpio
003f49cd   _InitEQep2Gpio
003f49f3   FD$$ADD
003f4a8f   _main
003f4ae2   _volt2PWM
003f4b20   FD$$DIV
003f4bab   FD$$MPY
003f4c2e   _InitCpuTimers
003f4c69   _ConfigCpuTimer
003f4ca4   _c_int00
003f4cea   FD$$CMP
003f4d14   _InitPieCtrl
003f4d33   _EnableInterrupts
003f4d3c   _InitPieVectTable
003f4d61   FD$$TOFS
003f4d84   FS$$TOFD
003f4da0   __args_main
003f4db9   C$$EXIT
003f4db9   _abort
003f4dbb   _exit
003f4dd2   U$$TOFD
003f4de9   FD$$SUB
003f4df7   __register_unlock
003f4dfb   __register_lock
003f4dff   __nop
003f4e00   FD$$NEG
003f4e11   ___etext__
003f4e11   etext
003f4e12   _PieVectTableInit
003f4f2e   ___cinit__
003f4f2e   cinit
003f7ff6   code_start
003f7ff8   _CsmPwl
ffffffff   ___binit__
ffffffff   ___c_args__
ffffffff   ___pinit__
ffffffff   binit
ffffffff   pinit

[253 symbols]
